../Core/Src/main.c:79:5:main	8	static
../Core/Src/main.c:144:6:SystemClock_Config	88	static
../Core/Src/main.c:185:13:MX_I2C1_Init	8	static
../Core/Src/main.c:233:13:MX_USART2_UART_Init	8	static
../Core/Src/main.c:281:13:MX_GPIO_Init	56	static
../Core/Src/main.c:325:6:HAL_I2C_ListenCpltCallback	16	static
../Core/Src/main.c:329:13:HAL_I2C_AddrCallback	16	static
../Core/Src/main.c:338:6:HAL_I2C_SlaveRxCpltCallback	16	static
../Core/Src/main.c:360:6:HAL_I2C_ErrorCallback	16	static
../Core/Src/main.c:364:6:setTrafficLightState	16	static
../Core/Src/main.c:385:6:Error_Handler	8	static,ignoring_inline_asm
